
R version 4.5.0 (2025-04-11) -- "How About a Twenty-Six"
Copyright (C) 2025 The R Foundation for Statistical Computing
Platform: aarch64-apple-darwin20

R is free software and comes with ABSOLUTELY NO WARRANTY.
You are welcome to redistribute it under certain conditions.
Type 'license()' or 'licence()' for distribution details.

  Natural language support but running in an English locale

R is a collaborative project with many contributors.
Type 'contributors()' for more information and
'citation()' on how to cite R or R packages in publications.

Type 'demo()' for some demos, 'help()' for on-line help, or
'help.start()' for an HTML browser interface to help.
Type 'q()' to quit R.

> shiny::runApp('enhanced_fao_wfp_app.R', port=3864, host='127.0.0.1')
Loading required package: shiny
Loading required package: ggplot2

Attaching package: ‘plotly’

The following object is masked from ‘package:ggplot2’:

    last_plot

The following object is masked from ‘package:stats’:

    filter

The following object is masked from ‘package:graphics’:

    layout


Attaching package: ‘DT’

The following objects are masked from ‘package:shiny’:

    dataTableOutput, renderDataTable

── Attaching core tidyverse packages ──────────────────────── tidyverse 2.0.0 ──
✔ dplyr     1.1.4     ✔ readr     2.1.5
✔ forcats   1.0.1     ✔ stringr   1.5.2
✔ lubridate 1.9.4     ✔ tibble    3.3.0
✔ purrr     1.1.0     ✔ tidyr     1.3.1
── Conflicts ────────────────────────────────────────── tidyverse_conflicts() ──
✖ dplyr::filter() masks plotly::filter(), stats::filter()
✖ dplyr::lag()    masks stats::lag()
ℹ Use the conflicted package (<http://conflicted.r-lib.org/>) to force all conflicts to become errors
🌍 Loading Latest FAO, World Bank, and WFP Data...
📊 Loading Global Hunger Index (GHI) data...
New names:
• `` -> `...1`
• `` -> `...2`
• `` -> `...3`
• `` -> `...4`
• `` -> `...5`
• `` -> `...6`
• `` -> `...7`
New names:
• `` -> `...1`
• `` -> `...2`
• `` -> `...3`
• `` -> `...4`
• `` -> `...5`
• `` -> `...6`
• `` -> `...7`
• `` -> `...8`
• `` -> `...9`
• `` -> `...10`
• `` -> `...11`
• `` -> `...12`
• `` -> `...13`
• `` -> `...14`
• `` -> `...15`
• `` -> `...16`
• `` -> `...17`
• `` -> `...18`
• `` -> `...19`
• `` -> `...20`
• `` -> `...21`
• `` -> `...22`
✅ GHI data loaded successfully! Countries: 137 
🌡️ Fetching climate data...
✅ Climate data processed successfully!
🏥 Fetching health data...
✅ Health data processed successfully!
Loading new data sources...
Loading GRFC 2025 Hunger Crises data...
✅ Loaded GRFC 2025 data for 48 countries
Loading ACLED conflict data...
✅ Loaded ACLED conflict data for 245 countries
Loading new priority data (Refugee/IDP, Food Import, Water)...
✅ Loaded new priority data for 226 countries
Warning: There was 1 warning in `mutate()`.
ℹ In argument: `Value_numeric = as.numeric(Value_clean)`.
Caused by warning:
! NAs introduced by coercion
✅ Data processing completed!
📊 Total sovereign countries in dataset: 197 
📊 Countries with latest FAO data (2022-2024): 159 
📊 Countries with World Bank data: 184 
📊 Countries with WFP market data: 98 
📊 Countries with both FAO and World Bank data: 150 
📊 Countries with PIP poverty data: 162 
🏪 Total WFP markets: 4245 
🍽️ Total WFP commodities: 1073 
🌍 Starting Enhanced Global Hunger Research Website with Latest FAO Data...
====================================================================
✅ Latest FAO data (2022-2024) loaded successfully!
✅ World Bank data loaded successfully!
✅ WFP data loaded successfully!
📊 Total countries in dataset: 197 
📊 Countries with latest FAO data: 159 
📊 Countries with World Bank data: 184 
📊 Countries with WFP market data: 98 
🌐 WEBSITE URL: http://localhost:3840
📱 Alternative: http://127.0.0.1:3840
🔗 Copy and paste this URL into your browser!
🛑 To stop the server, press Ctrl+C in the terminal.


Listening on http://127.0.0.1:3864
